{
    "error": "",
    "layer": [
        {
            "Descriptor": {
                "mediaType": "application/vnd.docker.image.rootfs.diff.tar.gzip",
                "digest": "sha256:2aa519bbe6c455aeb46adaa15429068338ef817aaa2bd89b4ceb8c18d584dcff",
                "size": 86086661
            },
            "DiffID": "sha256:9e5e1f0c820f063ef00763d8d4665d1a72490c3560559e35f25f2546f3dfca52"
        },
        {
            "Descriptor": {
                "mediaType": "application/vnd.docker.image.rootfs.diff.tar.gzip",
                "digest": "sha256:b4e5ea8aff5a35f6cfed9e983938a8f9dfe00c70c5ba8ac936ea810658093f32",
                "size": 126
            },
            "DiffID": "sha256:5aa1f366477e426c0531bd940e2209b588c77bbcfd6ad4b97b235b13eb63e3f3"
        },
        {
            "Descriptor": {
                "mediaType": "application/vnd.docker.image.rootfs.diff.tar.gzip",
                "digest": "sha256:efad42ce118cd976f6caa0057cd7052f7436650ef0d9edd84184a0e0418500a6",
                "size": 258
            },
            "DiffID": "sha256:70922341e70fc585d26cfff52605ee296760d46f67031afbd22dd46d124aea9f"
        },
        {
            "Descriptor": {
                "mediaType": "application/vnd.docker.image.rootfs.diff.tar.gzip",
                "digest": "sha256:3a46fcd368d4948992ad19acd877322e6c1cf7cef7b50ec3bfc9a77e07b2a295",
                "size": 128057295
            },
            "DiffID": "sha256:0916c78611e76e4f5f1ce6cc475d182749b494a7b125cb5e9a8e4efc7abc4884"
        },
        {
            "Descriptor": {
                "mediaType": "application/vnd.docker.image.rootfs.diff.tar.gzip",
                "digest": "sha256:b0690984a44ea22a37c432048dab28b5d5909400bbee41883f29af61e0d907a1",
                "size": 5333569
            },
            "DiffID": "sha256:398921f2be46c0be99b59b8e7dae9f905ca1292d30c25c64e6b1cecec79326c8"
        },
        {
            "Descriptor": {
                "mediaType": "application/vnd.docker.image.rootfs.diff.tar.gzip",
                "digest": "sha256:a84e21c759985c77ed6058717df04e443980661e0702bec333af0718c3dd2cab",
                "size": 5195489
            },
            "DiffID": "sha256:f147cd77841d11f43b34cd472ca43717ef930bc018d2e071c529620ad6f84060"
        },
        {
            "Descriptor": {
                "mediaType": "application/vnd.docker.image.rootfs.diff.tar.gzip",
                "digest": "sha256:98927d82506e75f033a849e46b3dcdbc6f3e4f7dc5aa89700d8501fe003617c9",
                "size": 334
            },
            "DiffID": "sha256:f49780cc16b21d1bff16c70d95f97ec18e81cd08ecf1ec176991df58d5f3b98e"
        },
        {
            "Descriptor": {
                "mediaType": "application/vnd.docker.image.rootfs.diff.tar.gzip",
                "digest": "sha256:beec521084840bf044800dc97d29bd93dc814ffbe42de1c5281329769a986a9a",
                "size": 219
            },
            "DiffID": "sha256:9b447bb5566a113c93ee68ce64f0fadd7e85bcc223bc33c3d6a6849d2f04d789"
        }
    ],
    "envs": [
        "PATH=/ide/bin:",
        "EDITOR=gp open -w",
        "VISUAL=gp open -w",
        "GIT_EDITOR=gp open -w"
    ]
}