{
    "error": "",
    "layer": [
        {
            "Descriptor": {
                "mediaType": "application/vnd.docker.image.rootfs.diff.tar.gzip",
                "digest": "sha256:1db635826fba59302743e63aea1746a4b6723778cf4b70341884c88feb83fb31",
                "size": 12900064
            },
            "DiffID": "sha256:c59126385b3404bf93cb62d030eab74089ff91bf6403a55faaa5395c85e55884"
        },
        {
            "Descriptor": {
                "mediaType": "application/vnd.docker.image.rootfs.diff.tar.gzip",
                "digest": "sha256:a2e7364571136d4eec72bc0c31cf771be7118968ce4d7c4eb06ad046124e25f9",
                "size": 25153512
            },
            "DiffID": "sha256:a59112875982d88391300ffe0c76dd563279ed08e448152a2ddb52ed8b418da8"
        },
        {
            "Descriptor": {
                "mediaType": "application/vnd.docker.image.rootfs.diff.tar.gzip",
                "digest": "sha256:e6d35e7e204741d65c12e3e0308989be1bcb064c7cbd7db01caab57f24316ace",
                "size": 23263259
            },
            "DiffID": "sha256:ccc98979e2c17e0d57713fcb08f71fc0e54c313f9b0e531f6f0c68c81f6a1a49"
        },
        {
            "Descriptor": {
                "mediaType": "application/vnd.docker.image.rootfs.diff.tar.gzip",
                "digest": "sha256:328efd684a431a1010a29509102099a55218223e7d24828ce065c1cf97d7246d",
                "size": 1203
            },
            "DiffID": "sha256:84695962f61f2eb5a87f329b6059f6e2762943cc086e5177835a94aa3caaf58e"
        },
        {
            "Descriptor": {
                "mediaType": "application/vnd.docker.image.rootfs.diff.tar.gzip",
                "digest": "sha256:7a4f0b35e88fd2911ba1daede136a4727de362c190a813c010dff7afc142e480",
                "size": 270
            },
            "DiffID": "sha256:197fd44e255b13133efdb980f26c7189d345320b3a031ca66e15232ed4592755"
        }
    ],
    "envs": [
        "PATH=/ide/bin:",
        "EDITOR=code",
        "VISUAL=code",
        "GIT_EDITOR=code --wait"
    ]
}