{
    "actions": [
        {
            "Func": "modifyFinalizer",
            "Params": {
                "add": true,
                "finalizer": "gitpod.io/finalizer",
                "workspaceID": "foobas"
            }
        },
        {
            "Func": "markWorkspace",
            "Params": {
                "annotations": [
                    {
                        "Name": "gitpod/traceid",
                        "Value": "",
                        "Delete": true
                    },
                    {
                        "Name": "gitpod.io/nodeName",
                        "Value": "minikube",
                        "Delete": false
                    }
                ],
                "workspaceID": "foobas"
            }
        }
    ]
}