{
    "actions": [
        {
            "Func": "clearInitializerFromMap",
            "Params": {
                "podName": "prebuild-dbc45dce-611a-49a8-bd76-7afda76a1e24"
            }
        },
        {
            "Func": "modifyFinalizer",
            "Params": {
                "add": false,
                "finalizer": "gitpod.io/finalizer",
                "workspaceID": "dbc45dce-611a-49a8-bd76-7afda76a1e24"
            }
        }
    ]
}