{
    "actions": [
        {
            "Func": "clearInitializerFromMap",
            "Params": {
                "podName": "ws-5031df46-db5e-43ae-91bd-1448305c001d"
            }
        },
        {
            "Func": "modifyFinalizer",
            "Params": {
                "add": false,
                "finalizer": "gitpod.io/finalizer",
                "workspaceID": "5031df46-db5e-43ae-91bd-1448305c001d"
            }
        }
    ]
}