{
    "actions": [
        {
            "Func": "markWorkspace",
            "Params": {
                "annotations": [
                    {
                        "Name": "gitpod/failedBeforeStopping",
                        "Value": "true",
                        "Delete": false
                    }
                ],
                "workspaceID": "5031df46-db5e-43ae-91bd-1448305c001d"
            }
        },
        {
            "Func": "stopWorkspace",
            "Params": {
                "gracePeriod": 30000000000,
                "workspaceID": "5031df46-db5e-43ae-91bd-1448305c001d"
            }
        }
    ]
}