{
    "actions": [
        {
            "Func": "clearInitializerFromMap",
            "Params": {
                "podName": "ws-7b26a643-d588-4346-bc9e-b46e70831078"
            }
        },
        {
            "Func": "deleteWorkspaceSecrets",
            "Params": {
                "podName": "ws-7b26a643-d588-4346-bc9e-b46e70831078"
            }
        },
        {
            "Func": "markWorkspace",
            "Params": {
                "annotations": [
                    {
                        "Name": "gitpod/explicitFail",
                        "Value": "workspace failed to start.",
                        "Delete": false
                    }
                ],
                "workspaceID": "7b26a643-d588-4346-bc9e-b46e70831078"
            }
        },
        {
            "Func": "modifyFinalizer",
            "Params": {
                "add": false,
                "finalizer": "gitpod.io/finalizer",
                "workspaceID": "7b26a643-d588-4346-bc9e-b46e70831078"
            }
        }
    ]
}
