{
    "actions": [
        {
            "Func": "clearInitializerFromMap",
            "Params": {
                "podName": "ws-60a694b3-ac7d-4a24-8ad9-2d8d5eb56de0"
            }
        },
        {
            "Func": "modifyFinalizer",
            "Params": {
                "add": false,
                "finalizer": "gitpod.io/finalizer",
                "workspaceID": "60a694b3-ac7d-4a24-8ad9-2d8d5eb56de0"
            }
        }
    ]
}