{
    "actions": [
        {
            "Func": "clearInitializerFromMap",
            "Params": {
                "podName": "ws-75ca49e0-c4e6-4eb0-896f-aec069880f93"
            }
        },
        {
            "Func": "deleteWorkspaceSecrets",
            "Params": {
                "podName": "ws-75ca49e0-c4e6-4eb0-896f-aec069880f93"
            }
        },
        {
            "Func": "stopWorkspace",
            "Params": {
                "gracePeriod": 30000000000,
                "workspaceID": "75ca49e0-c4e6-4eb0-896f-aec069880f93"
            }
        }
    ]
}