{
    "reason": {
        "metadata": {
            "name": "ws-test",
            "creationTimestamp": null,
            "labels": {
                "app": "gitpod",
                "component": "workspace",
                "gitpod.io/networkpolicy": "default",
                "gpwsman": "true",
                "headless": "false",
                "metaID": "foobar",
                "owner": "tester",
                "workspaceID": "test",
                "workspaceType": "regular"
            },
            "annotations": {
                "container.apparmor.security.beta.kubernetes.io/workspace": "unconfined",
                "gitpod.io/requiredNodeServices": "ws-daemon,registry-facade",
                "gitpod/admission": "admit_owner_only",
                "gitpod/contentInitializer": "GmcKZXdvcmtzcGFjZXMvY3J5cHRpYy1pZC1nb2VzLWhlcmcvZmQ2MjgwNGItNGNhYi0xMWU5LTg0M2EtNGU2NDUzNzMwNDhlLnRhckBnaXRwb2QtZGV2LXVzZXItY2hyaXN0ZXN0aW5n",
                "gitpod/id": "test",
                "gitpod/imageSpec": "Cm1ldS5nY3IuaW8vZ2l0cG9kLWRldi93b3Jrc3BhY2UtYmFzZS1pbWFnZXMvZ2l0aHViLmNvbS90eXBlZm94L2dpdHBvZDo4MGE3ZDQyN2ExZmNkMzQ2ZDQyMDYwM2Q4MGEzMWQ1N2NmNzVhN2FmEjRldS5nY3IuaW8vZ2l0cG9kLWNvcmUtZGV2L2J1aWQvdGhlaWEtaWRlOnNvbWV2ZXJzaW9u",
                "gitpod/never-ready": "true",
                "gitpod/ownerToken": "%7J'[Of/8NDiWE+9F,I6^Jcj_1\u0026}-F8p",
                "gitpod/servicePrefix": "foobarservice",
                "gitpod/traceid": "",
                "gitpod/url": "test-foobarservice-gitpod.io",
                "gitpod/withUsernamespace": "true",
                "prometheus.io/path": "/metrics",
                "prometheus.io/port": "23000",
                "prometheus.io/scrape": "true",
                "seccomp.security.alpha.kubernetes.io/pod": "localhost/workspace-default"
            }
        },
        "spec": {
            "volumes": [
                {
                    "name": "vol-this-workspace",
                    "hostPath": {
                        "path": "/tmp/workspaces/test",
                        "type": "DirectoryOrCreate"
                    }
                },
                {
                    "name": "dev-net-tun",
                    "hostPath": {
                        "path": "/dev/net/tun",
                        "type": "File"
                    }
                },
                {
                    "name": "daemon-mount",
                    "hostPath": {
                        "path": "/tmp/workspaces/test-daemon",
                        "type": "DirectoryOrCreate"
                    }
                }
            ],
            "containers": [
                {
                    "name": "workspace",
                    "image": "registry-facade:8080/remote/test",
                    "command": [
                        "/.supervisor/workspacekit",
                        "ring0"
                    ],
                    "ports": [
                        {
                            "containerPort": 23000
                        }
                    ],
                    "env": [
                        {
                            "name": "GITPOD_REPO_ROOT",
                            "value": "/workspace"
                        },
                        {
                            "name": "GITPOD_CLI_APITOKEN",
                            "value": "Ab=5=rRA*9:C'T{;RRB\u003e]vK2p6`fFfrS"
                        },
                        {
                            "name": "GITPOD_WORKSPACE_ID",
                            "value": "foobar"
                        },
                        {
                            "name": "GITPOD_INSTANCE_ID",
                            "value": "test"
                        },
                        {
                            "name": "GITPOD_THEIA_PORT",
                            "value": "23000"
                        },
                        {
                            "name": "THEIA_WORKSPACE_ROOT",
                            "value": "/workspace"
                        },
                        {
                            "name": "GITPOD_HOST",
                            "value": "gitpod.io"
                        },
                        {
                            "name": "GITPOD_WORKSPACE_URL",
                            "value": "test-foobarservice-gitpod.io"
                        },
                        {
                            "name": "THEIA_SUPERVISOR_ENDPOINT",
                            "value": ":22999"
                        },
                        {
                            "name": "THEIA_WEBVIEW_EXTERNAL_ENDPOINT",
                            "value": "webview-{{hostname}}"
                        },
                        {
                            "name": "THEIA_MINI_BROWSER_HOST_PATTERN",
                            "value": "browser-{{hostname}}"
                        },
                        {
                            "name": "GITPOD_GIT_USER_NAME",
                            "value": "usernameGoesHere"
                        },
                        {
                            "name": "GITPOD_GIT_USER_EMAIL",
                            "value": "some@user.com"
                        },
                        {
                            "name": "foo",
                            "value": "bar"
                        },
                        {
                            "name": "GITPOD_INTERVAL",
                            "value": "30000"
                        },
                        {
                            "name": "GITPOD_MEMORY",
                            "value": "999"
                        }
                    ],
                    "resources": {
                        "limits": {
                            "cpu": "900m",
                            "memory": "1G"
                        },
                        "requests": {
                            "cpu": "899m",
                            "ephemeral-storage": "5Gi",
                            "memory": "999M"
                        }
                    },
                    "volumeMounts": [
                        {
                            "name": "vol-this-workspace",
                            "mountPath": "/workspace",
                            "mountPropagation": "HostToContainer"
                        },
                        {
                            "name": "dev-net-tun",
                            "mountPath": "/dev/net/tun"
                        },
                        {
                            "name": "daemon-mount",
                            "mountPath": "/.workspace",
                            "mountPropagation": "HostToContainer"
                        }
                    ],
                    "readinessProbe": {
                        "httpGet": {
                            "path": "/_supervisor/v1/status/content/wait/true",
                            "port": 22999,
                            "scheme": "HTTP"
                        },
                        "timeoutSeconds": 1,
                        "periodSeconds": 1,
                        "successThreshold": 1,
                        "failureThreshold": 600
                    },
                    "terminationMessagePolicy": "FallbackToLogsOnError",
                    "imagePullPolicy": "Always",
                    "securityContext": {
                        "capabilities": {
                            "add": [
                                "AUDIT_WRITE",
                                "FSETID",
                                "KILL",
                                "NET_BIND_SERVICE",
                                "SYS_PTRACE"
                            ],
                            "drop": [
                                "SETPCAP",
                                "CHOWN",
                                "NET_RAW",
                                "DAC_OVERRIDE",
                                "FOWNER",
                                "SYS_CHROOT",
                                "SETFCAP",
                                "SETUID",
                                "SETGID"
                            ]
                        },
                        "privileged": false,
                        "runAsUser": 33333,
                        "runAsGroup": 33333,
                        "runAsNonRoot": true,
                        "readOnlyRootFilesystem": false,
                        "allowPrivilegeEscalation": true
                    }
                }
            ],
            "restartPolicy": "Never",
            "serviceAccountName": "workspace",
            "automountServiceAccountToken": false,
            "schedulerName": "workspace-scheduler",
            "tolerations": [
                {
                    "key": "node.kubernetes.io/disk-pressure",
                    "operator": "Exists",
                    "effect": "NoExecute"
                },
                {
                    "key": "node.kubernetes.io/memory-pressure",
                    "operator": "Exists",
                    "effect": "NoExecute"
                },
                {
                    "key": "node.kubernetes.io/network-unavailable",
                    "operator": "Exists",
                    "effect": "NoExecute",
                    "tolerationSeconds": 30
                }
            ],
            "enableServiceLinks": false
        },
        "status": {}
    }
}