{
    "reason": {
        "metadata": {
            "name": "prebuild-foobar",
            "creationTimestamp": null,
            "labels": {
                "app": "gitpod",
                "component": "workspace",
                "gitpod.io/networkpolicy": "default",
                "gpwsman": "true",
                "headless": "true",
                "metaID": "foobar",
                "owner": "tester",
                "workspaceID": "foobar",
                "workspaceType": "prebuild"
            },
            "annotations": {
                "gitpod.io/requiredNodeServices": "ws-daemon,registry-facade",
                "gitpod/admission": "admit_owner_only",
                "gitpod/contentInitializer": "GmcKZXdvcmtzcGFjZXMvY3J5cHRpYy1pZC1nb2VzLWhlcmcvZmQ2MjgwNGItNGNhYi0xMWU5LTg0M2EtNGU2NDUzNzMwNDhlLnRhckBnaXRwb2QtZGV2LXVzZXItY2hyaXN0ZXN0aW5n",
                "gitpod/id": "foobar",
                "gitpod/imageSpec": "CrwBZXUuZ2NyLmlvL2dpdHBvZC1kZXYvd29ya3NwYWNlLWltYWdlcy9hYzFjMDc1NTAwNzk2NmU0ZDZlMDkwZWE4MjE3MjlhYzc0N2QyMmFjL2V1Lmdjci5pby9naXRwb2QtZGV2L3dvcmtzcGFjZS1iYXNlLWltYWdlcy9naXRodWIuY29tL3R5cGVmb3gvZ2l0cG9kOjgwYTdkNDI3YTFmY2QzNDZkNDIwNjAzZDgwYTMxZDU3Y2Y3NWE3YWYSNGV1Lmdjci5pby9naXRwb2QtY29yZS1kZXYvYnVpZC90aGVpYS1pZGU6c29tZXZlcnNpb24=",
                "gitpod/never-ready": "true",
                "gitpod/ownerToken": "%7J'[Of/8NDiWE+9F,I6^Jcj_1\u0026}-F8p",
                "gitpod/servicePrefix": "foobarservice",
                "gitpod/traceid": "",
                "gitpod/url": "foobar-foobarservice-gitpod.io",
                "prometheus.io/path": "/metrics",
                "prometheus.io/port": "23000",
                "prometheus.io/scrape": "true",
                "seccomp.security.alpha.kubernetes.io/pod": "runtime/default"
            }
        },
        "spec": {
            "volumes": [
                {
                    "name": "vol-this-workspace",
                    "hostPath": {
                        "path": "/tmp/workspaces/foobar",
                        "type": "DirectoryOrCreate"
                    }
                }
            ],
            "containers": [
                {
                    "name": "workspace",
                    "image": "registry-facade:8080/remote/foobar",
                    "command": [
                        "/.supervisor/supervisor",
                        "run"
                    ],
                    "ports": [
                        {
                            "containerPort": 23000
                        }
                    ],
                    "env": [
                        {
                            "name": "GITPOD_REPO_ROOT",
                            "value": "/workspace"
                        },
                        {
                            "name": "GITPOD_CLI_APITOKEN",
                            "value": "Ab=5=rRA*9:C'T{;RRB\u003e]vK2p6`fFfrS"
                        },
                        {
                            "name": "GITPOD_WORKSPACE_ID",
                            "value": "foobar"
                        },
                        {
                            "name": "GITPOD_INSTANCE_ID",
                            "value": "foobar"
                        },
                        {
                            "name": "GITPOD_THEIA_PORT",
                            "value": "23000"
                        },
                        {
                            "name": "THEIA_WORKSPACE_ROOT",
                            "value": "/workspace"
                        },
                        {
                            "name": "GITPOD_HOST",
                            "value": "gitpod.io"
                        },
                        {
                            "name": "GITPOD_WORKSPACE_URL",
                            "value": "foobar-foobarservice-gitpod.io"
                        },
                        {
                            "name": "THEIA_SUPERVISOR_ENDPOINT",
                            "value": ":22999"
                        },
                        {
                            "name": "THEIA_WEBVIEW_EXTERNAL_ENDPOINT",
                            "value": "webview-{{hostname}}"
                        },
                        {
                            "name": "THEIA_MINI_BROWSER_HOST_PATTERN",
                            "value": "browser-{{hostname}}"
                        },
                        {
                            "name": "GITPOD_GIT_USER_NAME",
                            "value": "usernameGoesHere"
                        },
                        {
                            "name": "GITPOD_GIT_USER_EMAIL",
                            "value": "some@user.com"
                        },
                        {
                            "name": "foo",
                            "value": "bar"
                        },
                        {
                            "name": "GITPOD_INTERVAL",
                            "value": "30000"
                        },
                        {
                            "name": "GITPOD_MEMORY",
                            "value": "999"
                        },
                        {
                            "name": "GITPOD_HEADLESS",
                            "value": "true"
                        },
                        {
                            "name": "some-envvar",
                            "value": "foofoo"
                        }
                    ],
                    "resources": {
                        "limits": {
                            "cpu": "900m",
                            "memory": "1G"
                        },
                        "requests": {
                            "cpu": "899m",
                            "ephemeral-storage": "5Gi",
                            "memory": "999M"
                        }
                    },
                    "volumeMounts": [
                        {
                            "name": "vol-this-workspace",
                            "mountPath": "/workspace",
                            "mountPropagation": "HostToContainer"
                        }
                    ],
                    "readinessProbe": {
                        "httpGet": {
                            "path": "/_supervisor/v1/status/content/wait/true",
                            "port": 22999,
                            "scheme": "HTTP"
                        },
                        "timeoutSeconds": 1,
                        "periodSeconds": 1,
                        "successThreshold": 1,
                        "failureThreshold": 600
                    },
                    "terminationMessagePolicy": "FallbackToLogsOnError",
                    "imagePullPolicy": "Always",
                    "securityContext": {
                        "capabilities": {
                            "add": [
                                "AUDIT_WRITE",
                                "FSETID",
                                "KILL",
                                "NET_BIND_SERVICE",
                                "SYS_PTRACE"
                            ],
                            "drop": [
                                "SETPCAP",
                                "CHOWN",
                                "NET_RAW",
                                "DAC_OVERRIDE",
                                "FOWNER",
                                "SYS_CHROOT",
                                "SETFCAP",
                                "SETUID",
                                "SETGID"
                            ]
                        },
                        "privileged": false,
                        "runAsUser": 33333,
                        "runAsGroup": 33333,
                        "runAsNonRoot": true,
                        "readOnlyRootFilesystem": false,
                        "allowPrivilegeEscalation": false
                    }
                }
            ],
            "restartPolicy": "Never",
            "dnsPolicy": "None",
            "serviceAccountName": "workspace",
            "automountServiceAccountToken": false,
            "imagePullSecrets": [
                {
                    "name": "dockerhub-typefox"
                },
                {
                    "name": "eu.gcr.io-gitpod"
                }
            ],
            "affinity": {
                "nodeAffinity": {
                    "requiredDuringSchedulingIgnoredDuringExecution": {
                        "nodeSelectorTerms": [
                            {
                                "matchExpressions": [
                                    {
                                        "key": "gitpod.io/workload_prebuild",
                                        "operator": "In",
                                        "values": [
                                            "true"
                                        ]
                                    }
                                ]
                            }
                        ]
                    }
                }
            },
            "schedulerName": "workspace-scheduler",
            "tolerations": [
                {
                    "key": "node.kubernetes.io/disk-pressure",
                    "operator": "Exists",
                    "effect": "NoExecute"
                },
                {
                    "key": "node.kubernetes.io/memory-pressure",
                    "operator": "Exists",
                    "effect": "NoExecute"
                },
                {
                    "key": "node.kubernetes.io/network-unavailable",
                    "operator": "Exists",
                    "effect": "NoExecute",
                    "tolerationSeconds": 30
                }
            ],
            "dnsConfig": {
                "nameservers": [
                    "1.1.1.1",
                    "8.8.8.8"
                ]
            },
            "enableServiceLinks": false
        },
        "status": {}
    }
}