{
    "reason": {
        "metadata": {
            "name": "ws-test",
            "namespace": "default",
            "creationTimestamp": null,
            "labels": {
                "app": "gitpod",
                "component": "workspace",
                "gitpod.io/workspaceClass": "default",
                "gpwsman": "true",
                "headless": "false",
                "metaID": "foobar",
                "owner": "tester",
                "project": "",
                "team": "",
                "workspaceID": "test",
                "workspaceType": "regular"
            }
        },
        "spec": {
            "accessModes": [
                "ReadWriteOnce"
            ],
            "resources": {
                "requests": {
                    "storage": "0"
                }
            },
            "volumeMode": "Block"
        },
        "status": {}
    }
}
