{
    "status": {
        "id": "df376c57-7a0e-4233-976a-7a021e6f088c",
        "metadata": {
            "owner": "ec566d71-62a8-492e-8040-51850d9a97c4",
            "meta_id": "c372bd58-ef61-4fc0-9083-bd61ef96ad9f",
            "started_at": {
                "seconds": 1582886640
            }
        },
        "spec": {
            "workspace_image": "eu.gcr.io/gitpod-dev/workspace-images:e2f1689912681deb150b0c1e989f2f9babd104a6b140c71d9120c9a142f5c29b",
            "url": "https://c372bd58-ef61-4fc0-9083-bd61ef96ad9f.ws-eu01.gitpod-staging.com",
            "exposed_ports": [
                {
                    "port": 1337,
                    "target": 31337,
                    "visibility": 1
                },
                {
                    "port": 3000,
                    "target": 33000,
                    "visibility": 1
                },
                {
                    "port": 3001,
                    "target": 33001,
                    "visibility": 1
                },
                {
                    "port": 4000,
                    "target": 34000,
                    "visibility": 1
                },
                {
                    "port": 9229,
                    "target": 39229,
                    "visibility": 1
                },
                {
                    "port": 5900,
                    "target": 35900,
                    "visibility": 1
                },
                {
                    "port": 6080,
                    "target": 36080,
                    "visibility": 1
                },
                {
                    "port": 9999,
                    "target": 39999,
                    "visibility": 1
                },
                {
                    "port": 13001,
                    "target": 43001,
                    "visibility": 1
                },
                {
                    "port": 7777,
                    "target": 37777,
                    "visibility": 1
                },
                {
                    "port": 13444,
                    "target": 43444,
                    "visibility": 1
                }
            ],
            "timeout": "60m"
        },
        "phase": 4,
        "conditions": {
            "service_exists": 1,
            "deployed": 1,
            "first_user_activity": {
                "seconds": 1582886676,
                "nanos": 995133911
            }
        },
        "runtime": {
            "node_name": "gke-staging--gitpod--workspace-pool-2-331a2b32-mgbq",
            "pod_name": "ws-df376c57-7a0e-4233-976a-7a021e6f088c",
            "node_ip": "10.132.15.227"
        },
        "auth": {}
    }
}