{
    "status": {
        "id": "4bf2e82d-cdc7-4764-b8ad-6973e3c4a629",
        "metadata": {
            "owner": "5d738d55-c66c-421d-a859-44d8c8ce059a",
            "meta_id": "f75a430d-331d-4977-a4dc-16939c0752e1",
            "started_at": {
                "seconds": 1563189055
            }
        },
        "spec": {
            "workspace_image": "eu.gcr.io/gitpod-dev/workspace-images/623f173cfe0a23726157e720c57fe329a3bb4241/eu.gcr.io/gitpod-dev/workspace-full:sha256-535009d8cf429001e17f0f6388f33065c53cb70a62904800aa3f424403c7cb7e",
            "url": "http://f75a430d-331d-4977-a4dc-16939c0752e1.ws-eu.cw-gh-2720.staging.gitpod.io"
        },
        "phase": 7,
        "conditions": {
            "service_exists": 1,
            "deployed": 1
        },
        "message": "container workspace was terminated unexpectedly - workspace is recovering",
        "runtime": {
            "node_name": "gke-gitpod-dev-worker-pool-2-184c607e-rl94",
            "pod_name": "ws-4bf2e82d-cdc7-4764-b8ad-6973e3c4a629",
            "node_ip": "10.132.0.30"
        },
        "auth": {}
    }
}