{
    "status": {
        "id": "foobaz",
        "metadata": {
            "owner": "foobar",
            "meta_id": "metameta",
            "started_at": {
                "seconds": 1552235498
            }
        },
        "spec": {
            "workspace_image": "nginx:latest",
            "url": "http://10.0.0.114:8082"
        },
        "phase": 5,
        "conditions": {
            "final_backup_complete": 1,
            "deployed": 1
        },
        "runtime": {
            "node_name": "minikube",
            "pod_name": "ws-foobaz",
            "node_ip": "10.0.2.15"
        },
        "auth": {}
    }
}