{
    "status": {
        "id": "60a694b3-ac7d-4a24-8ad9-2d8d5eb56de0",
        "status_version": 65536,
        "metadata": {
            "owner": "f38dd9ea-edf6-41ba-a3be-4494def1e618",
            "meta_id": "green-mosquito-gvkloyfy",
            "started_at": {
                "seconds": 1616142877
            }
        },
        "spec": {
            "workspace_image": "eu.gcr.io/gitpod-core-dev/registry/workspace-images:4d3faa3322a7ecba8248986d0bc1a5293b20fdcc3cf1deb5c2bf6fd80c124d12",
            "ide_image": "eu.gcr.io/gitpod-core-dev/build/ide/theia:cw-no-plis.17",
            "url": "https://green-mosquito-gvkloyfy.ws-dev.cw-no-plis.staging.gitpod-dev.com",
            "exposed_ports": [
                {
                    "port": 5000,
                    "target": 60000,
                    "url": "https://5000-green-mosquito-gvkloyfy.ws-dev.cw-no-plis.staging.gitpod-dev.com"
                },
                {
                    "port": 35729,
                    "visibility": 1,
                    "url": "https://35729-green-mosquito-gvkloyfy.ws-dev.cw-no-plis.staging.gitpod-dev.com"
                }
            ],
            "timeout": "30m"
        },
        "phase": 5,
        "conditions": {
            "service_exists": 1,
            "deployed": 1
        },
        "runtime": {
            "node_name": "gke-dev-workload-1-49d27f81-n6zr",
            "pod_name": "ws-60a694b3-ac7d-4a24-8ad9-2d8d5eb56de0",
            "node_ip": "10.132.15.235"
        },
        "auth": {
            "owner_token": "XB|7vczG;Z.A^#ea[1=YDXU_Y,Q%UlOl"
        }
    }
}