{
    "status": {
        "id": "7b26a643-d588-4346-bc9e-b46e70831078",
        "status_version": 65536,
        "metadata": {
            "owner": "3dfdef07-76e2-46a6-b0d4-eb959befd0ab",
            "meta_id": "gitpodio-templategolang-cdhvbek9fyg",
            "started_at": {
                "seconds": 1653358271
            },
            "annotations": {
                "gitpod/never-ready": "true"
            }
        },
        "spec": {
            "workspace_image": "eu.gcr.io/gitpod-core-dev/build/workspace-images:8b57bd729e88889eca09e96051dea52300481b8561e3225140beae1a12d190f4",
            "deprecated_ide_image": "eu.gcr.io/gitpod-core-dev/build/ide/code:commit-9e0960d85f0c30b1ce57c9d14e6a905bc46f427c",
            "url": "https://gitpodio-templategolang-cdhvbek9fyg.ws.to-failed-ws-start.preview.gitpod-dev.com",
            "timeout": "60m",
            "ide_image": {
                "web_ref": "eu.gcr.io/gitpod-core-dev/build/ide/code:commit-9e0960d85f0c30b1ce57c9d14e6a905bc46f427c",
                "supervisor_ref": "eu.gcr.io/gitpod-core-dev/build/supervisor:commit-6d6849daab686ff22e610d57cdaf303eab7697b5"
            },
            "class": "default"
        },
        "phase": 5,
        "conditions": {
            "volume_snapshot": {}
        },
        "runtime": {
            "node_name": "to-failed-ws-start",
            "pod_name": "ws-7b26a643-d588-4346-bc9e-b46e70831078",
            "node_ip": "10.0.2.2"
        },
        "auth": {
            "owner_token": "yuvxCAtPRTShLfVETMXck-a71dphVi_u"
        }
    }
}
