{
    "status": {
        "id": "b3242d9b-6920-41b5-8e72-c3d5637ca148",
        "status_version": 65536,
        "metadata": {
            "owner": "1ef0e007-4247-4501-bcf9-8c5711f422b6",
            "meta_id": "d4562d0d-46ae-4a4b-b0a4-a5e94ea4a2f3",
            "started_at": {
                "seconds": 1559033178
            }
        },
        "spec": {
            "workspace_image": "eu.gcr.io/gitpod-dev/workspace-images/edf0748dca3905f46a5fcf841db2a36f277d9b79/eu.gcr.io/gitpod-dev/workspace-full:sha256-4543f6df3549a443f1109779878540a635163ef86da30c959464a61256bfc569",
            "url": "http://d4562d0d-46ae-4a4b-b0a4-a5e94ea4a2f3.ws-eu.cw-fail-on-mount-failure.staging.gitpod.io"
        },
        "phase": 1,
        "conditions": {
            "failed": "cannot mount Theia",
            "deployed": 1
        },
        "message": "pod is pending",
        "runtime": {
            "node_name": "gke-gitpod-dev-worker-pool-2-184c607e-1wgf",
            "pod_name": "ws-b3242d9b-6920-41b5-8e72-c3d5637ca148"
        },
        "auth": {}
    }
}