{
    "result": {
        "enabled": true,
        "branchMatchingPattern": "main",
        "branchStrategy": "BRANCH_MATCHING_STRATEGY_DEFAULT_BRANCH",
        "prebuildInterval": 42,
        "workspaceClass": "dev",
        "triggerStrategy": "PREBUILD_TRIGGER_STRATEGY_UNSPECIFIED"
    },
    "err": ""
}
