{
    "result": {
        "enabled": false,
        "branchMatchingPattern": "",
        "branchStrategy": "BRANCH_MATCHING_STRATEGY_UNSPECIFIED",
        "prebuildInterval": 0,
        "workspaceClass": "",
        "activationStrategy": "PREBUILD_ACTIVATION_STRATEGY_UNSPECIFIED"
    },
    "err": ""
}
