{
    "result": {
        "enabled": true,
        "branchMatchingPattern": "main",
        "branchStrategy": "BRANCH_MATCHING_STRATEGY_DEFAULT_BRANCH",
        "prebuildInterval": 42,
        "workspaceClass": "dev",
        "activationStrategy": "PREBUILD_ACTIVATION_STRATEGY_ACTIVITY_BASED"
    },
    "err": ""
}
