{
    "result": {
        "username": "root",
        "value": "secret",
        "idToken": "nope",
        "refreshToken": "refresh!",
        "scopes": [
            "foo"
        ],
        "updateDate": "2023-11-29T18:17:16.194Z",
        "expiryDate": "2023-11-29T18:17:16.194Z"
    },
    "err": ""
}
